// Jest Snapshot v1, https://goo.gl/fbAQLP

exports[`renders correctly 1`] = `
<div
  className="App"
>
  <header
    className="App-header"
  >
    <button
      className="MuiButtonBase-root MuiButton-root MuiButton-text"
      data-testid="boxWelcome"
      disabled={false}
      display="flex"
      flexwrap="wrap"
      onBlur={[Function]}
      onDragLeave={[Function]}
      onFocus={[Function]}
      onKeyDown={[Function]}
      onKeyUp={[Function]}
      onMouseDown={[Function]}
      onMouseLeave={[Function]}
      onMouseUp={[Function]}
      onTouchEnd={[Function]}
      onTouchMove={[Function]}
      onTouchStart={[Function]}
      tabIndex={0}
      type="button"
    >
      <span
        className="MuiButton-label"
      >
        <form
          autoComplete="off"
          noValidate={true}
        >
          <div
            className="MuiGrid-root MuiGrid-container MuiGrid-direction-xs-column MuiGrid-align-items-xs-center MuiGrid-justify-xs-center"
          >
            <p
              className="MuiTypography-root MuiTypography-body1"
              data-testid="welcomeUser"
            >
              Hello friend, tell me your name...
            </p>
            <div
              className="MuiFormControl-root MuiTextField-root makeStyles-textField-1 MuiFormControl-marginNormal"
            >
              <label
                className="MuiFormLabel-root MuiInputLabel-root MuiInputLabel-formControl MuiInputLabel-animated"
                data-shrink={false}
                htmlFor="standard-name"
                id="standard-name-label"
              >
                Your name here
              </label>
              <div
                className="MuiInputBase-root MuiInput-root MuiInput-underline MuiInputBase-formControl MuiInput-formControl"
                onClick={[Function]}
              >
                <input
                  aria-invalid={false}
                  autoFocus={false}
                  className="MuiInputBase-input MuiInput-input"
                  disabled={false}
                  id="standard-name"
                  onAnimationStart={[Function]}
                  onBlur={[Function]}
                  onChange={[Function]}
                  onFocus={[Function]}
                  required={false}
                  type="text"
                  value=""
                />
              </div>
            </div>
            <button
              className="MuiButtonBase-root MuiButton-root MuiButton-outlined makeStyles-button-2"
              disabled={false}
              onBlur={[Function]}
              onClick={[Function]}
              onDragLeave={[Function]}
              onFocus={[Function]}
              onKeyDown={[Function]}
              onKeyUp={[Function]}
              onMouseDown={[Function]}
              onMouseLeave={[Function]}
              onMouseUp={[Function]}
              onTouchEnd={[Function]}
              onTouchMove={[Function]}
              onTouchStart={[Function]}
              tabIndex={0}
              type="button"
            >
              <span
                className="MuiButton-label"
              >
                <p
                  className="MuiTypography-root MuiTypography-body1"
                >
                  Let's go
                </p>
                <svg
                  aria-hidden={true}
                  className="MuiSvgIcon-root"
                  focusable="false"
                  viewBox="0 0 24 24"
                >
                  <path
                    d="M16.01 11H4v2h12.01v3L20 12l-3.99-4z"
                  />
                </svg>
              </span>
            </button>
          </div>
        </form>
      </span>
    </button>
  </header>
</div>
`;
